TAP version 13
ok 1 - Icecave\Chastity\Driver\BlockingAdaptorTest::testAcquire
ok 2 - Icecave\Chastity\Driver\BlockingAdaptorTest::testAcquireTimeout
ok 3 - Icecave\Chastity\Driver\BlockingAdaptorTest::testIsAcquired
ok 4 - Icecave\Chastity\Driver\BlockingAdaptorTest::testExtend
ok 5 - Icecave\Chastity\Driver\BlockingAdaptorTest::testRelease
ok 6 - Icecave\Chastity\Driver\Redis\RedisDriverIntegrationTest::testAcquire
ok 7 - Icecave\Chastity\Driver\Redis\RedisDriverIntegrationTest::testAcquireFailure
ok 8 - Icecave\Chastity\Driver\Redis\RedisDriverIntegrationTest::testAcquireTtl
ok 9 - Icecave\Chastity\Driver\Redis\RedisDriverIntegrationTest::testIsAcquired
ok 10 - Icecave\Chastity\Driver\Redis\RedisDriverIntegrationTest::testExtend
ok 11 - Icecave\Chastity\Driver\Redis\RedisDriverIntegrationTest::testExtendFailure
ok 12 - Icecave\Chastity\Driver\Redis\RedisDriverIntegrationTest::testRelease
ok 13 - Icecave\Chastity\Driver\Redis\RedisDriverIntegrationTest::testReleaseFailure
ok 14 - Icecave\Chastity\Driver\Redis\RedisDriverTest::testAcquire
ok 15 - Icecave\Chastity\Driver\Redis\RedisDriverTest::testAcquireFailure
ok 16 - Icecave\Chastity\Driver\Redis\RedisDriverTest::testAcquireWithInvalidTtl
ok 17 - Icecave\Chastity\Driver\Redis\RedisDriverTest::testIsAcquired
ok 18 - Icecave\Chastity\Driver\Redis\RedisDriverTest::testIsAcquiredFailure
ok 19 - Icecave\Chastity\Driver\Redis\RedisDriverTest::testExtend
ok 20 - Icecave\Chastity\Driver\Redis\RedisDriverTest::testExtendOnlyLoadsScriptOnce
ok 21 - Icecave\Chastity\Driver\Redis\RedisDriverTest::testExtendWithInvalidTtl
ok 22 - Icecave\Chastity\Driver\Redis\RedisDriverTest::testRelease
ok 23 - Icecave\Chastity\Driver\Redis\RedisDriverTest::testReleaseOnlyLoadsScriptOnce
ok 24 - Icecave\Chastity\LockFactoryTest::testConstructorDefaults
ok 25 - Icecave\Chastity\LockFactoryTest::testBlockingAdaptor
ok 26 - Icecave\Chastity\LockFactoryTest::testCreate
ok 27 - Icecave\Chastity\LockFactoryTest::testAcquire
ok 28 - Icecave\Chastity\LockFactoryTest::testAcquireWithTimeout
ok 29 - Icecave\Chastity\LockTest::testDestruct
ok 30 - Icecave\Chastity\LockTest::testDestructWhenAcquired
ok 31 - Icecave\Chastity\LockTest::testResource
ok 32 - Icecave\Chastity\LockTest::testIsAcquired
ok 33 - Icecave\Chastity\LockTest::testIsAcquiredAfterFailedAcquisition
ok 34 - Icecave\Chastity\LockTest::testIsAcquiredWhenLockHasExpired
ok 35 - Icecave\Chastity\LockTest::testAcquire
ok 36 - Icecave\Chastity\LockTest::testAcquireWithTimeout
ok 37 - Icecave\Chastity\LockTest::testAcquireFailure
ok 38 - Icecave\Chastity\LockTest::testAcquireAlreadyAcquiredFailure
ok 39 - Icecave\Chastity\LockTest::testTryAcquire
ok 40 - Icecave\Chastity\LockTest::testTryAcquireWithTimeout
ok 41 - Icecave\Chastity\LockTest::testTryAcquireFailure
ok 42 - Icecave\Chastity\LockTest::testTryAcquireAlreadyAcquiredFailure
ok 43 - Icecave\Chastity\LockTest::testExtend
ok 44 - Icecave\Chastity\LockTest::testExtendWhenNotAcquired
ok 45 - Icecave\Chastity\LockTest::testExtendWhenLockHasExpired
ok 46 - Icecave\Chastity\LockTest::testRelease
ok 47 - Icecave\Chastity\LockTest::testReleaseWhenNotAcquired
ok 48 - Icecave\Chastity\LockTest::testReleaseWhenLockHasExpired
ok 49 - Icecave\Chastity\ReentrantLockTest::testDestruct
ok 50 - Icecave\Chastity\ReentrantLockTest::testResource
ok 51 - Icecave\Chastity\ReentrantLockTest::testIsAcquired
ok 52 - Icecave\Chastity\ReentrantLockTest::testIsAcquiredAfterFailedAcquisition
ok 53 - Icecave\Chastity\ReentrantLockTest::testIsAcquiredWhenLockHasExpired
ok 54 - Icecave\Chastity\ReentrantLockTest::testAcquire
ok 55 - Icecave\Chastity\ReentrantLockTest::testAcquireWithTimeout
ok 56 - Icecave\Chastity\ReentrantLockTest::testAcquireFailure
ok 57 - Icecave\Chastity\ReentrantLockTest::testTryAcquire
ok 58 - Icecave\Chastity\ReentrantLockTest::testTryAcquireWithTimeout
ok 59 - Icecave\Chastity\ReentrantLockTest::testTryAcquireFailure
ok 60 - Icecave\Chastity\ReentrantLockTest::testExtend
ok 61 - Icecave\Chastity\ReentrantLockTest::testRelease
ok 62 - Icecave\Chastity\ReentrantLockTest::testReleaseWhenNotAcquired
ok 63 - Icecave\Chastity\ReentrantLockTest::testNestedAcquisition
1..63
